// Jest Snapshot v1, https://goo.gl/fbAQLP

exports[`This should correctly render AddContact component correnctly. 1`] = `
<div>
  <h3>
    Add Contact
  </h3>
  <ContactForm
    onSubmit={[Function]}
  />
</div>
`;
